[    4523ms] [WARNING] [Meta Pixel] - You are sending a non-standard event 'cookie_consent_update'. The preferred way to send these events is using trackCustom. See 'https://developers.facebook.com/docs/ads-for-websites/pixel-events/#events' for more information. @ https://connect.facebook.net/en_US/fbevents.js:181
[    4548ms] [WARNING] [Meta Pixel] - You are attempting to send an unverified event. The event was suppressed. Go to Events Manager to learn more. @ https://connect.facebook.net/en_US/fbevents.js:181
[    5333ms] [VERBOSE] [DOM] Input elements should have autocomplete attributes (suggested: "current-password"): (More info: https://goo.gl/9p2vKq) %o @ https://adzviser.com/login:0
[    5514ms] [ERROR] Failed to load resource: the server responded with a status of 401 () @ https://adzviser.com/api/accounts/getTimezone:0
[    5535ms] [ERROR] Failed to load resource: the server responded with a status of 401 () @ https://adzviser.com/api/exportDestinations/config:0
[    5540ms] [ERROR] Failed to load resource: the server responded with a status of 401 () @ https://adzviser.com/api/exportDestinations/pipelines?destination_type=bigquery:0
[    5541ms] [ERROR] Failed to load pipelines eS @ https://adzviser.com/_next/static/chunks/3863-8cfa07bdab67c8b4.js:0
[    5577ms] [ERROR] Failed to load resource: the server responded with a status of 401 () @ https://adzviser.com/api/workspace/get?retrieve_connection_status=true:0
[    5594ms] [ERROR] Failed to load resource: the server responded with a status of 401 () @ https://adzviser.com/api/exportDestinations/pipelines?destination_type=s3:0
[    5594ms] [ERROR] Failed to load pipelines eS @ https://adzviser.com/_next/static/chunks/3863-8cfa07bdab67c8b4.js:0
[    5600ms] [ERROR] Failed to load resource: the server responded with a status of 401 () @ https://adzviser.com/api/accounts/loadUser:0
[    5800ms] [ERROR] Failed to load resource: the server responded with a status of 401 () @ https://adzviser.com/api/accounts/getTimezone:0
[    5829ms] [ERROR] Failed to load resource: the server responded with a status of 401 () @ https://adzviser.com/api/exportDestinations/config:0
[    5897ms] [ERROR] Failed to load resource: the server responded with a status of 401 () @ https://adzviser.com/api/workspace/get?retrieve_connection_status=true:0
[    9244ms] [VERBOSE] [DOM] Password field is not contained in a form: (More info: https://goo.gl/9p2vKq) %o @ https://accounts.google.com/v3/signin/identifier?opparams=%253F&dsh=S203536671%3A1778317684654992&client_id=1097702497410-6ucli0sd7rjrha7bbbs4id966ipeotnk.apps.googleusercontent.com&o2v=1&prompt=select_account&redirect_uri=https%3A%2F%2Fadzviser.com%2Fset-up&response_type=code&scope=https%3A%2F%2Fwww.googleapis.com%2Fauth%2Fuserinfo.email+https%3A%2F%2Fwww.googleapis.com%2Fauth%2Fuserinfo.profile+openid+openid+email+profile&service=lso&state=67dAQpJIok902MS8ULUOcvifNB1ufA9q&flowName=GeneralOAuthFlow&continue=https%3A%2F%2Faccounts.google.com%2Fsignin%2Foauth%2Fconsent%3Fauthuser%3Dunknown%26part%3DAJi8hAOOsGeMYqSFfkG85uWTGbPE74EtPzIpm1tIs2Wed4FP1ylrJabqfX4gUCVe1EzEiTIRBjTE8atTt2rT82P3I3KY9TQTZwKUnPGAPnDHBq07wL37I-03auuSNuQwp6R9PfrJ0xGdLISzKfdgp60epWzYu5EAo8yxAiNrUtzz8QUv9tQFXc-JwMgS_n2k5bgRCc12TEIYs8tZcd1ddGbqvBXRWi0sCl1tTDOB4sjW4Rbm5Wr_CraxeV0M8eB-xVEQt5WDiEKaysgFQzoKK6tx6_RTcHxLwBq9exvoTUW64Nm0X5xJJoQJTDL8RhmnKnDh5lnUXu0iGyGJyUvR6xy265VsEmo_ROkKA-XEZNElUZ95BNfpllwbpQwsLtDhInyZQAIjtqU9mkCGd0WpI1xloKDxw2UhoxHnIbTLCEXqqbXBeVxQh89Ed5oPd8WNjZc8OirgVtXvU-WhftWH_ofcwYwUJj3Fow%26flowName%3DGeneralOAuthFlow%26as%3DS203536671%253A1778317684654992%26client_id%3D1097702497410-6ucli0sd7rjrha7bbbs4id966ipeotnk.apps.googleusercontent.com%26requestPath%3D%252Fsignin%252Foauth%252Fconsent%23&app_domain=https%3A%2F%2Fadzviser.com&rart=ANgoxcdCLbFVfPLpFcQcvEvJKIUsd_ySvHRH3hu1CwFHCtsGbIa8LWezh9uiP_VaA14Klj45iDq-Hah-CyOXLovSEB54h5D1zVHheyenjvFuIyWURcjaNl4:0
[    9259ms] [LOG] %c%s color: red; background: yellow; font-size: 24px; WARNING! @ https://www.gstatic.com/_/mss/boq-identity/_/js/k=boq-identity.AccountsSignInUi.en_US.n7L1AKtevvQ.es5.O/am=iW8AAIBQiIKQAcD4_78BAAIgiBp4PQtAE4gMAAAAAAAAAABYAAAAjQ/d=1/excm=_b,_tp,identifierview/ed=1/dg=0/wt=2/ujg=1/rs=AOaEmlEJrcdMlMIlw-fGgUrpxMXsKbAX6g/dti=1/m=_b,_tp:541
[    9259ms] [LOG] %c%s font-size: 18px; Using this console may allow attackers to impersonate you and steal your information using an attack called Self-XSS.
Do not enter or paste code that you do not understand. @ https://www.gstatic.com/_/mss/boq-identity/_/js/k=boq-identity.AccountsSignInUi.en_US.n7L1AKtevvQ.es5.O/am=iW8AAIBQiIKQAcD4_78BAAIgiBp4PQtAE4gMAAAAAAAAAABYAAAAjQ/d=1/excm=_b,_tp,identifierview/ed=1/dg=0/wt=2/ujg=1/rs=AOaEmlEJrcdMlMIlw-fGgUrpxMXsKbAX6g/dti=1/m=_b,_tp:541
[   18558ms] [VERBOSE] [DOM] Password field is not contained in a form: (More info: https://goo.gl/9p2vKq) %o @ https://accounts.google.com/v3/signin/challenge/pwd?TL=APouJz5Z5b0xZ6lZDA9mktJpcK6ehMDxExq__cMD4xpYC_p5AHMITAAXSWJxu6w6&app_domain=https%3A%2F%2Fadzviser.com&checkConnection=youtube%3A306&checkedDomains=youtube&cid=2&client_id=1097702497410-6ucli0sd7rjrha7bbbs4id966ipeotnk.apps.googleusercontent.com&continue=https%3A%2F%2Faccounts.google.com%2Fsignin%2Foauth%2Fconsent%3Fauthuser%3Dunknown%26part%3DAJi8hAOOsGeMYqSFfkG85uWTGbPE74EtPzIpm1tIs2Wed4FP1ylrJabqfX4gUCVe1EzEiTIRBjTE8atTt2rT82P3I3KY9TQTZwKUnPGAPnDHBq07wL37I-03auuSNuQwp6R9PfrJ0xGdLISzKfdgp60epWzYu5EAo8yxAiNrUtzz8QUv9tQFXc-JwMgS_n2k5bgRCc12TEIYs8tZcd1ddGbqvBXRWi0sCl1tTDOB4sjW4Rbm5Wr_CraxeV0M8eB-xVEQt5WDiEKaysgFQzoKK6tx6_RTcHxLwBq9exvoTUW64Nm0X5xJJoQJTDL8RhmnKnDh5lnUXu0iGyGJyUvR6xy265VsEmo_ROkKA-XEZNElUZ95BNfpllwbpQwsLtDhInyZQAIjtqU9mkCGd0WpI1xloKDxw2UhoxHnIbTLCEXqqbXBeVxQh89Ed5oPd8WNjZc8OirgVtXvU-WhftWH_ofcwYwUJj3Fow%26flowName%3DGeneralOAuthFlow%26as%3DS203536671%253A1778317684654992%26client_id%3D1097702497410-6ucli0sd7rjrha7bbbs4id966ipeotnk.apps.googleusercontent.com%26requestPath%3D%252Fsignin%252Foauth%252Fconsent%23&dsh=S203536671%3A1778317684654992&flowName=GeneralOAuthFlow&o2v=1&opparams=%253F&prompt=select_account&pstMsg=1&rart=ANgoxcdCLbFVfPLpFcQcvEvJKIUsd_ySvHRH3hu1CwFHCtsGbIa8LWezh9uiP_VaA14Klj45iDq-Hah-CyOXLovSEB54h5D1zVHheyenjvFuIyWURcjaNl4&redirect_uri=https%3A%2F%2Fadzviser.com%2Fset-up&response_type=code&scope=https%3A%2F%2Fwww.googleapis.com%2Fauth%2Fuserinfo.email%20https%3A%2F%2Fwww.googleapis.com%2Fauth%2Fuserinfo.profile%20openid%20openid%20email%20profile&service=lso&state=67dAQpJIok902MS8ULUOcvifNB1ufA9q:0
[   41882ms] ReferenceError: fbq is not defined
    at <anonymous>:1:1
    at https://www.googletagmanager.com/gtm.js?id=GTM-WVCMHRT:888:429
    at https://www.googletagmanager.com/gtm.js?id=GTM-WVCMHRT:889:132
    at XQ (https://www.googletagmanager.com/gtm.js?id=GTM-WVCMHRT:890:31)
    at Md.WQ (https://www.googletagmanager.com/gtm.js?id=GTM-WVCMHRT:887:92)
    at Md.<anonymous> (https://www.googletagmanager.com/gtm.js?id=GTM-WVCMHRT:322:187)
    at k.apply (https://www.googletagmanager.com/gtm.js?id=GTM-WVCMHRT:248:466)
    at hb (https://www.googletagmanager.com/gtm.js?id=GTM-WVCMHRT:211:719)
    at gb (https://www.googletagmanager.com/gtm.js?id=GTM-WVCMHRT:211:470)
    at Md.<anonymous> (https://www.googletagmanager.com/gtm.js?id=GTM-WVCMHRT:272:473)
[   42151ms] [WARNING] [Meta Pixel] - You are sending a non-standard event 'cookie_consent_update'. The preferred way to send these events is using trackCustom. See 'https://developers.facebook.com/docs/ads-for-websites/pixel-events/#events' for more information. @ https://connect.facebook.net/en_US/fbevents.js:181
[   42158ms] [WARNING] [Meta Pixel] - You are attempting to send an unverified event. The event was suppressed. Go to Events Manager to learn more. @ https://connect.facebook.net/en_US/fbevents.js:181
