[    3964ms] [WARNING] WebSocket connection to 'wss://client.relay.crisp.chat/w/fa6/?EIO=4&transport=websocket' failed: WebSocket is closed before the connection is established. @ https://client.crisp.chat/static/javascripts/client_default_cd8c790.js:7
[    4419ms] [ERROR] Failed to fetch RSC payload for https://zernio.com/rebrand. Falling back to browser navigation. TypeError: Failed to fetch
    at window.fetch (https://zernio.com/:1:12067)
    at https://sst.zernio.com/akqcmsyrom.js?6jc0q32=BAtPPicgTjwnIjFNR1hbVxtSQFdCSwcfUAgXDR8MFxRDCxcP:1:670
    at f (https://zernio.com/_next/static/chunks/2117-2db7236df124eda7.js?dpl=dpl_EcNf9q9xtfm32CfaMfXw2hA7sQ22:1:45958)
    at https://zernio.com/_next/static/chunks/2117-2db7236df124eda7.js?dpl=dpl_EcNf9q9xtfm32CfaMfXw2hA7sQ22:1:59509
    at Object.u [as task] (https://zernio.com/_next/static/chunks/2117-2db7236df124eda7.js?dpl=dpl_EcNf9q9xtfm32CfaMfXw2hA7sQ22:1:32257)
    at c.s (https://zernio.com/_next/static/chunks/2117-2db7236df124eda7.js?dpl=dpl_EcNf9q9xtfm32CfaMfXw2hA7sQ22:1:32962)
    at Object.u [as task] (https://zernio.com/_next/static/chunks/2117-2db7236df124eda7.js?dpl=dpl_EcNf9q9xtfm32CfaMfXw2hA7sQ22:1:32319) @ https://zernio.com/_next/static/chunks/2117-2db7236df124eda7.js?dpl=dpl_EcNf9q9xtfm32CfaMfXw2hA7sQ22:0
[    5491ms] [VERBOSE] [DOM] Input elements should have autocomplete attributes (suggested: "current-password"): (More info: https://goo.gl/9p2vKq) %o @ https://zernio.com/signup:0
[    5491ms] [VERBOSE] [DOM] Input elements should have autocomplete attributes (suggested: "current-password"): (More info: https://goo.gl/9p2vKq) %o @ https://zernio.com/signup:0
[    8453ms] [WARNING] The resource https://zernio.com/brand/icon-primary.png was preloaded using link preload but not used within a few seconds from the window's load event. Please make sure it has an appropriate `as` value and it is preloaded intentionally. @ https://zernio.com/signup:0
[    8453ms] [WARNING] The resource https://www.facebook.com/tr?id=1729525464415281&ev=PageView&noscript=1 was preloaded using link preload but not used within a few seconds from the window's load event. Please make sure it has an appropriate `as` value and it is preloaded intentionally. @ https://zernio.com/signup:0
[    8453ms] [WARNING] The resource https://px.ads.linkedin.com/collect/?pid=9069513&fmt=gif was preloaded using link preload but not used within a few seconds from the window's load event. Please make sure it has an appropriate `as` value and it is preloaded intentionally. @ https://zernio.com/signup:0
[   10922ms] [LOG] %c%s color: red; background: yellow; font-size: 24px; WARNING! @ https://www.gstatic.com/_/mss/boq-identity/_/js/k=boq-identity.AccountsSignInUi.en.DyC8OwPtVAE.es5.O/am=iW8AAIBQiIKQAcD4_78BAAIgiBp4PQtAE4gMAAAAAAAAAABYAAAAjQ/d=1/excm=_b,_tp,accountchooserview/ed=1/dg=0/wt=2/ujg=1/rs=AOaEmlFo70MF-9Zn38K2jwcLWcJ_sEgR-g/dti=1/m=_b,_tp:541
[   10922ms] [LOG] %c%s font-size: 18px; Using this console may allow attackers to impersonate you and steal your information using an attack called Self-XSS.
Do not enter or paste code that you do not understand. @ https://www.gstatic.com/_/mss/boq-identity/_/js/k=boq-identity.AccountsSignInUi.en.DyC8OwPtVAE.es5.O/am=iW8AAIBQiIKQAcD4_78BAAIgiBp4PQtAE4gMAAAAAAAAAABYAAAAjQ/d=1/excm=_b,_tp,accountchooserview/ed=1/dg=0/wt=2/ujg=1/rs=AOaEmlFo70MF-9Zn38K2jwcLWcJ_sEgR-g/dti=1/m=_b,_tp:541
[   17720ms] [VERBOSE] [DOM] Password field is not contained in a form: (More info: https://goo.gl/9p2vKq) %o @ https://accounts.google.com/v3/signin/challenge/pwd?TL=APouJz4KiS8ZtFFYuaOlvM-C_JrTZSWX5hhUkaspEkNmw-XX1k70Ru6EGjUZiwQn&app_domain=https%3A%2F%2Fzernio.com&cid=1&client_id=885681711470-fpukimasb9nbn9rlcaschneikaibtu97.apps.googleusercontent.com&code_challenge=vqdbqrSgNgVFm8Zeb4MkZ019iZcnZpgtDSpVQN666S8&code_challenge_method=S256&continue=https%3A%2F%2Faccounts.google.com%2Fsignin%2Foauth%2Fconsent%3Fauthuser%3Dunknown%26part%3DAJi8hAMI1Ax_49wcNAwt-t43aniPt4JexOE0sTPTQdJbXrDxvq8tNq4_HQokr7a-6EFPyJPKQnbKtuMhZr41pux0v51uf-tN1JMbPS8Eh57P1WU-GMtPQ0BbDr3TG5TwCEz9GVEWq_1tNRjXTRIL1QnVRzO7B1Q4Y8Uw_U1-KDREixbLwQPGgyNJSYlnIrstEu99kHGcYh9rLSm-f6_lOmjtq46KBdS8LhXgUQg9zrcBSfrVbDbPxJDaWFPVL81WO30385xnWgtrolnOHgGMMzwULVT6xM16PKnVNcqShiJ1iN7hOYpSbzsFvCPrUBu-qao7iwBSB1Mh-S87QPu1r4Zx7IWNzz1Q_clGVNIXECN74S3YEDQpu-bWzhlgkiX5NbhMJxhq_wNfL_lfNP60WVocPeDGmCYrcszxU9J6W118s974-8Sz24zx-weBnfMl8n3FDVnnTi2rgmuR9pRK2OnNN9MxoQx-tg%26flowName%3DGeneralOAuthFlow%26as%3DS-1289124028%253A1778332032666718%26client_id%3D885681711470-fpukimasb9nbn9rlcaschneikaibtu97.apps.googleusercontent.com%26requestPath%3D%252Fsignin%252Foauth%252Fconsent%23&dsh=S-1289124028%3A1778332032666718&flowName=GeneralOAuthFlow&o2v=2&opparams=%253F&redirect_uri=https%3A%2F%2Fzernio.com%2Fapi%2Fauth%2Fcallback%2Fgoogle&response_type=code&scope=openid%20email%20profile&service=lso&state=r3eAs_1sphZZLXq6-unbYq5IKyf5iwZHFwCDNz4mmjw:0
[   68079ms] [LOG] %c%s color: red; background: yellow; font-size: 24px; WARNING! @ https://www.gstatic.com/_/mss/boq-identity/_/js/k=boq-identity.AccountsSpeedbumpChangePasswordUi.en.auAMBYL1Qok.es5.O/am=-QEAACgCwAAA_9-AIGpwPQNQAgEAAAAAAAAAYAAAQA/d=1/excm=_b,_tp,changepasswordnudgeview/ed=1/dg=0/wt=2/ujg=1/rs=AOaEmlE3Wl6iojvrZmYcEr5Y7aOQ6aVKsg/dti=1/m=_b,_tp:528
[   68079ms] [LOG] %c%s font-size: 18px; Using this console may allow attackers to impersonate you and steal your information using an attack called Self-XSS.
Do not enter or paste code that you do not understand. @ https://www.gstatic.com/_/mss/boq-identity/_/js/k=boq-identity.AccountsSpeedbumpChangePasswordUi.en.auAMBYL1Qok.es5.O/am=-QEAACgCwAAA_9-AIGpwPQNQAgEAAAAAAAAAYAAAQA/d=1/excm=_b,_tp,changepasswordnudgeview/ed=1/dg=0/wt=2/ujg=1/rs=AOaEmlE3Wl6iojvrZmYcEr5Y7aOQ6aVKsg/dti=1/m=_b,_tp:528
[   73570ms] [LOG] %c%s color: red; background: yellow; font-size: 24px; WARNING! @ https://www.gstatic.com/_/mss/boq-identity/_/js/k=boq-identity.OAuthUi.en_GB.dsiea2ggrC8.es5.O/am=nh8AAABQBIABAP7_3wBB1OB6BqBAAAAAAAAAAAAYAAAi/d=1/excm=_b,_tp,attributesview/ed=1/dg=0/wt=2/ujg=1/rs=AOaEmlHsvg7REs6DcuhEry-4In_M7s_rTg/dti=1/m=_b,_tp:507
[   73570ms] [LOG] %c%s font-size: 18px; Using this console may allow attackers to impersonate you and steal your information using an attack called Self-XSS.
Do not enter or paste code that you don't understand. @ https://www.gstatic.com/_/mss/boq-identity/_/js/k=boq-identity.OAuthUi.en_GB.dsiea2ggrC8.es5.O/am=nh8AAABQBIABAP7_3wBB1OB6BqBAAAAAAAAAAAAYAAAi/d=1/excm=_b,_tp,attributesview/ed=1/dg=0/wt=2/ujg=1/rs=AOaEmlHsvg7REs6DcuhEry-4In_M7s_rTg/dti=1/m=_b,_tp:507
