[    1007ms] [WARNING] The PerformanceObserver does not support buffered flag with the entryTypes argument. @ https://www.gstatic.com/_/mss/boq-cloud-client/_/js/k=boq-cloud-client.CloudConsoleWeb.en_US.8L5C-TsbM3I.es5.O/am=AAAAEADgAAAAAAAAYAE/d=1/excm=core/ed=1/wt=2/ujg=1/rs=AJ563L8GhoWk3gNkhzIyD2rMMOOGVokaZA/dti=1/m=core:1229
[    2345ms] [ERROR] Failed to load resource: the server responded with a status of 404 () @ https://cloudusersettings-pa.clients6.google.com/v1alpha1/settings/PAN_CORE_ACCESSIBILITY_KEYBOARD_SHORTCUTS?key=AIzaSyCI-zsRP85UVOi0DjtiCwWBwQ1djDy741g:0
[    3149ms] [WARNING] No ID or name found in config. @ https://www.gstatic.com/_/mss/boq-cloud-client/_/js/k=boq-cloud-client.CloudConsoleWeb.en_US.8L5C-TsbM3I.es5.O/am=AAAAEADgAAAAAAAAYAE/d=1/excm=core/ed=1/wt=2/ujg=1/rs=AJ563L8GhoWk3gNkhzIyD2rMMOOGVokaZA/dti=1/m=core:4122
[    3294ms] [ERROR] Failed to load resource: the server responded with a status of 404 () @ https://cloudusersettings-pa.clients6.google.com/v1alpha1/settings/CONSOLE_PINS/keys/CLOUD?key=AIzaSyCI-zsRP85UVOi0DjtiCwWBwQ1djDy741g:0
[    3311ms] [WARNING] An iframe which has both allow-scripts and allow-same-origin for its sandbox attribute can escape its sandboxing. @ https://console.cloud.google.com/onboarding/warmup?origin=https%3A%2F%2Fconsole.cloud.google.com:0
[    3338ms] [ERROR] Failed to load resource: the server responded with a status of 404 () @ https://cloudusersettings-pa.clients6.google.com/v1alpha1/settings/CONSOLE_NAV_UNLOCKED?key=AIzaSyCI-zsRP85UVOi0DjtiCwWBwQ1djDy741g:0
[    3372ms] [ERROR] Failed to load resource: the server responded with a status of 404 () @ https://cloudusersettings-pa.clients6.google.com/v1alpha1/settings/GROWTH_TARGETED_FEATURE_HISTORY/keys/console_search_product_summaries_callout?key=AIzaSyCI-zsRP85UVOi0DjtiCwWBwQ1djDy741g:0
[    4211ms] [ERROR] Failed to load resource: the server responded with a status of 404 () @ https://cloudusersettings-pa.clients6.google.com/v1alpha1/settings/RESOURCE_PANEL_OPEN?key=AIzaSyCI-zsRP85UVOi0DjtiCwWBwQ1djDy741g:0
[    4277ms] [ERROR] Failed to load resource: the server responded with a status of 404 () @ https://cloudusersettings-pa.clients6.google.com/v1alpha1/settings:getCurrent/CRM_ORGANIZATION_CALLOUT_SHOWN?key=AIzaSyCI-zsRP85UVOi0DjtiCwWBwQ1djDy741g:0
[    4293ms] [ERROR] Failed to load resource: the server responded with a status of 404 () @ https://cloudusersettings-pa.clients6.google.com/v1alpha1/settings/PIPELINES_AND_CONNECTIONS_OPT_IN?key=AIzaSyCI-zsRP85UVOi0DjtiCwWBwQ1djDy741g:0
[    4297ms] [ERROR] Failed to load resource: the server responded with a status of 404 () @ https://cloudusersettings-pa.clients6.google.com/v1alpha1/settings/PAN_NOTIFICATION_BELL_LAST_OPENED?key=AIzaSyCI-zsRP85UVOi0DjtiCwWBwQ1djDy741g:0
[    5012ms] [ERROR] Failed to load resource: the server responded with a status of 404 () @ https://cloudusersettings-pa.clients6.google.com/v1alpha1/settings/PAGE_STATE/keys/cloud-resource-manager-resources-table?key=AIzaSyCI-zsRP85UVOi0DjtiCwWBwQ1djDy741g:0
[    6216ms] [ERROR] Failed to load resource: the server responded with a status of 404 () @ https://cloudusersettings-pa.clients6.google.com/v1alpha1/settings/GROWTH_TARGETED_FEATURE_HISTORY/keys/active_assist_shareable_link_split_button?key=AIzaSyCI-zsRP85UVOi0DjtiCwWBwQ1djDy741g:0
[    6961ms] [ERROR] Failed to load resource: the server responded with a status of 404 () @ https://cloudusersettings-pa.clients6.google.com/v1alpha1/settings/GROWTH_TARGETED_FEATURE_HISTORY/keys/active_assist_shareable_link_split_button?key=AIzaSyCI-zsRP85UVOi0DjtiCwWBwQ1djDy741g:0
[    6985ms] [ERROR] Failed to load resource: the server responded with a status of 404 () @ https://cloudusersettings-pa.clients6.google.com/v1alpha1/settings/GROWTH_TARGETED_FEATURE_HISTORY/keys/active_assist_shareable_link_split_button?key=AIzaSyCI-zsRP85UVOi0DjtiCwWBwQ1djDy741g:0
[    7138ms] [ERROR] Failed to load resource: the server responded with a status of 404 () @ https://cloudusersettings-pa.clients6.google.com/v1alpha1/settings/GROWTH_TARGETED_FEATURE_HISTORY/keys/active_assist_shareable_link_split_button?key=AIzaSyCI-zsRP85UVOi0DjtiCwWBwQ1djDy741g:0
[    7175ms] [ERROR] Failed to load resource: the server responded with a status of 404 () @ https://cloudusersettings-pa.clients6.google.com/v1alpha1/settings/MFA_COHORT_DIALOG_SETTINGS?key=AIzaSyCI-zsRP85UVOi0DjtiCwWBwQ1djDy741g:0
[    7623ms] [ERROR] Failed to load resource: the server responded with a status of 404 () @ https://cloudusersettings-pa.clients6.google.com/v1alpha1/settings/COE_NU_FIRST_CHARGE_BANNER_DISMISSALS?key=AIzaSyCI-zsRP85UVOi0DjtiCwWBwQ1djDy741g:0
[    8067ms] [ERROR] Failed to load resource: the server responded with a status of 404 () @ https://cloudusersettings-pa.clients6.google.com/v1alpha1/settings/GROWTH_TARGETED_FEATURE_HISTORY/keys/recently_visited_products_new_badge?key=AIzaSyCI-zsRP85UVOi0DjtiCwWBwQ1djDy741g:0
[   18321ms] [WARNING] The resource https://www.gstatic.com/pantheon/images/shellgm2/icons-medium_v15.svg was preloaded using link preload but not used within a few seconds from the window's load event. Please make sure it has an appropriate `as` value and it is preloaded intentionally. @ https://console.cloud.google.com/cloud-resource-manager:0
