[    1168ms] [WARNING] The PerformanceObserver does not support buffered flag with the entryTypes argument. @ https://www.gstatic.com/_/mss/boq-cloud-client/_/js/k=boq-cloud-client.CloudConsoleWeb.en_US.8L5C-TsbM3I.es5.O/am=AAAAEADgAAAAAAAAYAE/d=1/excm=core/ed=1/wt=2/ujg=1/rs=AJ563L8GhoWk3gNkhzIyD2rMMOOGVokaZA/dti=1/m=core:1229
[    2140ms] [ERROR] Failed to load resource: the server responded with a status of 404 () @ https://cloudusersettings-pa.clients6.google.com/v1alpha1/settings/PAN_CORE_ACCESSIBILITY_KEYBOARD_SHORTCUTS?key=AIzaSyCI-zsRP85UVOi0DjtiCwWBwQ1djDy741g:0
[    3040ms] [WARNING] No ID or name found in config. @ https://www.gstatic.com/_/mss/boq-cloud-client/_/js/k=boq-cloud-client.CloudConsoleWeb.en_US.8L5C-TsbM3I.es5.O/am=AAAAEADgAAAAAAAAYAE/d=1/excm=core/ed=1/wt=2/ujg=1/rs=AJ563L8GhoWk3gNkhzIyD2rMMOOGVokaZA/dti=1/m=core:4122
[    3172ms] [ERROR] Failed to load resource: the server responded with a status of 404 () @ https://cloudusersettings-pa.clients6.google.com/v1alpha1/settings/CONSOLE_PINS/keys/CLOUD?key=AIzaSyCI-zsRP85UVOi0DjtiCwWBwQ1djDy741g:0
[    3217ms] [WARNING] An iframe which has both allow-scripts and allow-same-origin for its sandbox attribute can escape its sandboxing. @ https://console.cloud.google.com/onboarding/warmup?origin=https%3A%2F%2Fconsole.cloud.google.com:0
[    3283ms] [ERROR] Failed to load resource: the server responded with a status of 404 () @ https://cloudusersettings-pa.clients6.google.com/v1alpha1/settings/CONSOLE_NAV_UNLOCKED?key=AIzaSyCI-zsRP85UVOi0DjtiCwWBwQ1djDy741g:0
[    3293ms] [ERROR] Failed to load resource: the server responded with a status of 404 () @ https://cloudusersettings-pa.clients6.google.com/v1alpha1/settings/GROWTH_TARGETED_FEATURE_HISTORY/keys/console_search_product_summaries_callout?key=AIzaSyCI-zsRP85UVOi0DjtiCwWBwQ1djDy741g:0
[    3947ms] [WARNING] No ID or name found in config. @ https://www.gstatic.com/_/mss/boq-cloud-client/_/js/k=boq-cloud-client.CloudConsoleWeb.en_US.8L5C-TsbM3I.es5.O/am=AAAAEADgAAAAAAAAYAE/d=1/excm=core/ed=1/wt=2/ujg=1/rs=AJ563L8GhoWk3gNkhzIyD2rMMOOGVokaZA/dti=1/m=core:4122
[    3963ms] [WARNING] No ID or name found in config. @ https://www.gstatic.com/_/mss/boq-cloud-client/_/js/k=boq-cloud-client.CloudConsoleWeb.en_US.8L5C-TsbM3I.es5.O/am=AAAAEADgAAAAAAAAYAE/d=1/excm=core/ed=1/wt=2/ujg=1/rs=AJ563L8GhoWk3gNkhzIyD2rMMOOGVokaZA/dti=1/m=core:4122
[    3973ms] [WARNING] No ID or name found in config. @ https://www.gstatic.com/_/mss/boq-cloud-client/_/js/k=boq-cloud-client.CloudConsoleWeb.en_US.8L5C-TsbM3I.es5.O/am=AAAAEADgAAAAAAAAYAE/d=1/excm=core/ed=1/wt=2/ujg=1/rs=AJ563L8GhoWk3gNkhzIyD2rMMOOGVokaZA/dti=1/m=core:4122
[    3985ms] [WARNING] No ID or name found in config. @ https://www.gstatic.com/_/mss/boq-cloud-client/_/js/k=boq-cloud-client.CloudConsoleWeb.en_US.8L5C-TsbM3I.es5.O/am=AAAAEADgAAAAAAAAYAE/d=1/excm=core/ed=1/wt=2/ujg=1/rs=AJ563L8GhoWk3gNkhzIyD2rMMOOGVokaZA/dti=1/m=core:4122
[    3997ms] [WARNING] No ID or name found in config. @ https://www.gstatic.com/_/mss/boq-cloud-client/_/js/k=boq-cloud-client.CloudConsoleWeb.en_US.8L5C-TsbM3I.es5.O/am=AAAAEADgAAAAAAAAYAE/d=1/excm=core/ed=1/wt=2/ujg=1/rs=AJ563L8GhoWk3gNkhzIyD2rMMOOGVokaZA/dti=1/m=core:4122
[    4007ms] [WARNING] No ID or name found in config. @ https://www.gstatic.com/_/mss/boq-cloud-client/_/js/k=boq-cloud-client.CloudConsoleWeb.en_US.8L5C-TsbM3I.es5.O/am=AAAAEADgAAAAAAAAYAE/d=1/excm=core/ed=1/wt=2/ujg=1/rs=AJ563L8GhoWk3gNkhzIyD2rMMOOGVokaZA/dti=1/m=core:4122
[    4016ms] [WARNING] No ID or name found in config. @ https://www.gstatic.com/_/mss/boq-cloud-client/_/js/k=boq-cloud-client.CloudConsoleWeb.en_US.8L5C-TsbM3I.es5.O/am=AAAAEADgAAAAAAAAYAE/d=1/excm=core/ed=1/wt=2/ujg=1/rs=AJ563L8GhoWk3gNkhzIyD2rMMOOGVokaZA/dti=1/m=core:4122
[    4025ms] [WARNING] No ID or name found in config. @ https://www.gstatic.com/_/mss/boq-cloud-client/_/js/k=boq-cloud-client.CloudConsoleWeb.en_US.8L5C-TsbM3I.es5.O/am=AAAAEADgAAAAAAAAYAE/d=1/excm=core/ed=1/wt=2/ujg=1/rs=AJ563L8GhoWk3gNkhzIyD2rMMOOGVokaZA/dti=1/m=core:4122
[    4034ms] [WARNING] No ID or name found in config. @ https://www.gstatic.com/_/mss/boq-cloud-client/_/js/k=boq-cloud-client.CloudConsoleWeb.en_US.8L5C-TsbM3I.es5.O/am=AAAAEADgAAAAAAAAYAE/d=1/excm=core/ed=1/wt=2/ujg=1/rs=AJ563L8GhoWk3gNkhzIyD2rMMOOGVokaZA/dti=1/m=core:4122
[    4043ms] [WARNING] No ID or name found in config. @ https://www.gstatic.com/_/mss/boq-cloud-client/_/js/k=boq-cloud-client.CloudConsoleWeb.en_US.8L5C-TsbM3I.es5.O/am=AAAAEADgAAAAAAAAYAE/d=1/excm=core/ed=1/wt=2/ujg=1/rs=AJ563L8GhoWk3gNkhzIyD2rMMOOGVokaZA/dti=1/m=core:4122
[    4053ms] [WARNING] No ID or name found in config. @ https://www.gstatic.com/_/mss/boq-cloud-client/_/js/k=boq-cloud-client.CloudConsoleWeb.en_US.8L5C-TsbM3I.es5.O/am=AAAAEADgAAAAAAAAYAE/d=1/excm=core/ed=1/wt=2/ujg=1/rs=AJ563L8GhoWk3gNkhzIyD2rMMOOGVokaZA/dti=1/m=core:4122
[    4061ms] [WARNING] No ID or name found in config. @ https://www.gstatic.com/_/mss/boq-cloud-client/_/js/k=boq-cloud-client.CloudConsoleWeb.en_US.8L5C-TsbM3I.es5.O/am=AAAAEADgAAAAAAAAYAE/d=1/excm=core/ed=1/wt=2/ujg=1/rs=AJ563L8GhoWk3gNkhzIyD2rMMOOGVokaZA/dti=1/m=core:4122
[    4070ms] [WARNING] No ID or name found in config. @ https://www.gstatic.com/_/mss/boq-cloud-client/_/js/k=boq-cloud-client.CloudConsoleWeb.en_US.8L5C-TsbM3I.es5.O/am=AAAAEADgAAAAAAAAYAE/d=1/excm=core/ed=1/wt=2/ujg=1/rs=AJ563L8GhoWk3gNkhzIyD2rMMOOGVokaZA/dti=1/m=core:4122
[    4080ms] [WARNING] No ID or name found in config. @ https://www.gstatic.com/_/mss/boq-cloud-client/_/js/k=boq-cloud-client.CloudConsoleWeb.en_US.8L5C-TsbM3I.es5.O/am=AAAAEADgAAAAAAAAYAE/d=1/excm=core/ed=1/wt=2/ujg=1/rs=AJ563L8GhoWk3gNkhzIyD2rMMOOGVokaZA/dti=1/m=core:4122
[    4091ms] [WARNING] No ID or name found in config. @ https://www.gstatic.com/_/mss/boq-cloud-client/_/js/k=boq-cloud-client.CloudConsoleWeb.en_US.8L5C-TsbM3I.es5.O/am=AAAAEADgAAAAAAAAYAE/d=1/excm=core/ed=1/wt=2/ujg=1/rs=AJ563L8GhoWk3gNkhzIyD2rMMOOGVokaZA/dti=1/m=core:4122
[    4098ms] [WARNING] No ID or name found in config. @ https://www.gstatic.com/_/mss/boq-cloud-client/_/js/k=boq-cloud-client.CloudConsoleWeb.en_US.8L5C-TsbM3I.es5.O/am=AAAAEADgAAAAAAAAYAE/d=1/excm=core/ed=1/wt=2/ujg=1/rs=AJ563L8GhoWk3gNkhzIyD2rMMOOGVokaZA/dti=1/m=core:4122
[    4107ms] [WARNING] No ID or name found in config. @ https://www.gstatic.com/_/mss/boq-cloud-client/_/js/k=boq-cloud-client.CloudConsoleWeb.en_US.8L5C-TsbM3I.es5.O/am=AAAAEADgAAAAAAAAYAE/d=1/excm=core/ed=1/wt=2/ujg=1/rs=AJ563L8GhoWk3gNkhzIyD2rMMOOGVokaZA/dti=1/m=core:4122
[    4116ms] [WARNING] No ID or name found in config. @ https://www.gstatic.com/_/mss/boq-cloud-client/_/js/k=boq-cloud-client.CloudConsoleWeb.en_US.8L5C-TsbM3I.es5.O/am=AAAAEADgAAAAAAAAYAE/d=1/excm=core/ed=1/wt=2/ujg=1/rs=AJ563L8GhoWk3gNkhzIyD2rMMOOGVokaZA/dti=1/m=core:4122
[    4127ms] [WARNING] No ID or name found in config. @ https://www.gstatic.com/_/mss/boq-cloud-client/_/js/k=boq-cloud-client.CloudConsoleWeb.en_US.8L5C-TsbM3I.es5.O/am=AAAAEADgAAAAAAAAYAE/d=1/excm=core/ed=1/wt=2/ujg=1/rs=AJ563L8GhoWk3gNkhzIyD2rMMOOGVokaZA/dti=1/m=core:4122
[    4135ms] [WARNING] No ID or name found in config. @ https://www.gstatic.com/_/mss/boq-cloud-client/_/js/k=boq-cloud-client.CloudConsoleWeb.en_US.8L5C-TsbM3I.es5.O/am=AAAAEADgAAAAAAAAYAE/d=1/excm=core/ed=1/wt=2/ujg=1/rs=AJ563L8GhoWk3gNkhzIyD2rMMOOGVokaZA/dti=1/m=core:4122
[    4145ms] [WARNING] No ID or name found in config. @ https://www.gstatic.com/_/mss/boq-cloud-client/_/js/k=boq-cloud-client.CloudConsoleWeb.en_US.8L5C-TsbM3I.es5.O/am=AAAAEADgAAAAAAAAYAE/d=1/excm=core/ed=1/wt=2/ujg=1/rs=AJ563L8GhoWk3gNkhzIyD2rMMOOGVokaZA/dti=1/m=core:4122
[    4155ms] [WARNING] No ID or name found in config. @ https://www.gstatic.com/_/mss/boq-cloud-client/_/js/k=boq-cloud-client.CloudConsoleWeb.en_US.8L5C-TsbM3I.es5.O/am=AAAAEADgAAAAAAAAYAE/d=1/excm=core/ed=1/wt=2/ujg=1/rs=AJ563L8GhoWk3gNkhzIyD2rMMOOGVokaZA/dti=1/m=core:4122
[    4274ms] [ERROR] Failed to load resource: the server responded with a status of 404 () @ https://cloudusersettings-pa.clients6.google.com/v1alpha1/settings/SIDENAV_COMPACT_MODE?key=AIzaSyCI-zsRP85UVOi0DjtiCwWBwQ1djDy741g:0
[    4291ms] [ERROR] Failed to load resource: the server responded with a status of 404 () @ https://cloudusersettings-pa.clients6.google.com/v1alpha1/settings/PIPELINES_AND_CONNECTIONS_OPT_IN?key=AIzaSyCI-zsRP85UVOi0DjtiCwWBwQ1djDy741g:0
[    4376ms] [ERROR] Failed to load resource: the server responded with a status of 404 () @ https://cloudusersettings-pa.clients6.google.com/v1alpha1/settings/PAN_NOTIFICATION_BELL_LAST_OPENED?key=AIzaSyCI-zsRP85UVOi0DjtiCwWBwQ1djDy741g:0
[    5814ms] [ERROR] Failed to load resource: the server responded with a status of 404 () @ https://cloudusersettings-pa.clients6.google.com/v1alpha1/settings/GROWTH_TARGETED_FEATURE_HISTORY/keys/survey_iam_site?key=AIzaSyCI-zsRP85UVOi0DjtiCwWBwQ1djDy741g:0
[    6030ms] [ERROR] ERROR {errorParameters: Object, url: https://cloudconsole-pa.clients6.google.com/v3/ent…-zsRP85UVOi0DjtiCwWBwQ1djDy741g&prettyPrint=false, headers: Map(9), status: 403, statusText: Permission denied} @ https://www.gstatic.com/_/mss/boq-cloud-client/_/js/k=boq-cloud-client.CloudConsoleWeb.en_US.8L5C-TsbM3I.es5.O/am=AAAAEADgAAAAAAAAYAE/d=1/excm=core/ed=1/wt=2/ujg=1/rs=AJ563L8GhoWk3gNkhzIyD2rMMOOGVokaZA/dti=1/m=core:2108
[    6097ms] [ERROR] Failed to load resource: the server responded with a status of 404 () @ https://cloudusersettings-pa.clients6.google.com/v1alpha1/settings:getCurrent/AI_CHAT_INCLUDE_PAGE_CONTEXT?key=AIzaSyCI-zsRP85UVOi0DjtiCwWBwQ1djDy741g:0
[    9938ms] [ERROR] Failed to load resource: the server responded with a status of 400 () @ https://cloudusersettings-pa.clients6.google.com/v1alpha1/settings/GROWTH_TARGETED_FEATURE_HISTORY?key=AIzaSyCI-zsRP85UVOi0DjtiCwWBwQ1djDy741g:0
[    9945ms] [ERROR] Failed to load resource: the server responded with a status of 400 () @ https://cloudusersettings-pa.clients6.google.com/v1alpha1/settings/GROWTH_TARGETED_FEATURE_HISTORY?key=AIzaSyCI-zsRP85UVOi0DjtiCwWBwQ1djDy741g:0
[   10603ms] [ERROR] Failed to load resource: the server responded with a status of 404 () @ https://cloudusersettings-pa.clients6.google.com/v1alpha1/settings/MFA_COHORT_DIALOG_SETTINGS?key=AIzaSyCI-zsRP85UVOi0DjtiCwWBwQ1djDy741g:0
[   10614ms] [ERROR] Failed to load resource: the server responded with a status of 404 () @ https://cloudusersettings-pa.clients6.google.com/v1alpha1/settings/GROWTH_TARGETED_FEATURE_HISTORY/keys/iam_admin_pam_left_nav_new_badge?key=AIzaSyCI-zsRP85UVOi0DjtiCwWBwQ1djDy741g:0
[   10624ms] [ERROR] Failed to load resource: the server responded with a status of 404 () @ https://cloudusersettings-pa.clients6.google.com/v1alpha1/settings/GROWTH_TARGETED_FEATURE_HISTORY/keys/iam_principal_access_boundary_new_badge?key=AIzaSyCI-zsRP85UVOi0DjtiCwWBwQ1djDy741g:0
[   10643ms] [ERROR] Failed to load resource: the server responded with a status of 404 () @ https://cloudusersettings-pa.clients6.google.com/v1alpha1/settings/GROWTH_TARGETED_FEATURE_HISTORY/keys/workload_identity_pools_left_nav_new_badge?key=AIzaSyCI-zsRP85UVOi0DjtiCwWBwQ1djDy741g:0
[   10653ms] [ERROR] Failed to load resource: the server responded with a status of 404 () @ https://cloudusersettings-pa.clients6.google.com/v1alpha1/settings/GROWTH_TARGETED_FEATURE_HISTORY/keys/iam_troubleshooter_usability_improvements_new_badge?key=AIzaSyCI-zsRP85UVOi0DjtiCwWBwQ1djDy741g:0
[   10660ms] [ERROR] Failed to load resource: the server responded with a status of 404 () @ https://cloudusersettings-pa.clients6.google.com/v1alpha1/settings/GROWTH_TARGETED_FEATURE_HISTORY/keys/asset_inventory_left_nav_new_badge?key=AIzaSyCI-zsRP85UVOi0DjtiCwWBwQ1djDy741g:0
[   10666ms] [ERROR] Failed to load resource: the server responded with a status of 404 () @ https://cloudusersettings-pa.clients6.google.com/v1alpha1/settings/GROWTH_TARGETED_FEATURE_HISTORY/keys/iam_essential_contacts_new_badge?key=AIzaSyCI-zsRP85UVOi0DjtiCwWBwQ1djDy741g:0
[   10912ms] [ERROR] Failed to load resource: the server responded with a status of 404 () @ https://cloudusersettings-pa.clients6.google.com/v1alpha1/settings/COE_NU_FIRST_CHARGE_BANNER_DISMISSALS?key=AIzaSyCI-zsRP85UVOi0DjtiCwWBwQ1djDy741g:0
[   10975ms] [ERROR] Failed to load resource: the server responded with a status of 404 () @ https://cloudusersettings-pa.clients6.google.com/v1alpha1/settings/GROWTH_TARGETED_FEATURE_HISTORY/keys/recently_visited_products_new_badge?key=AIzaSyCI-zsRP85UVOi0DjtiCwWBwQ1djDy741g:0
[   11440ms] [ERROR] Failed to load resource: the server responded with a status of 404 () @ https://cloudusersettings-pa.clients6.google.com/v1alpha1/settings/LEARN_PANEL/keys/IAM_ADMIN_SECTION?key=AIzaSyCI-zsRP85UVOi0DjtiCwWBwQ1djDy741g:0
[   11877ms] [ERROR] Failed to load resource: the server responded with a status of 404 () @ https://cloudusersettings-pa.clients6.google.com/v1alpha1/settings/FREE_TRIAL_DISMISS_STATE?key=AIzaSyCI-zsRP85UVOi0DjtiCwWBwQ1djDy741g:0
[   20311ms] [WARNING] The resource https://www.gstatic.com/pantheon/images/common/icons-medium_v163.svg was preloaded using link preload but not used within a few seconds from the window's load event. Please make sure it has an appropriate `as` value and it is preloaded intentionally. @ https://console.cloud.google.com/iam-admin/settings?project=project-5a935fd4-b438-43cd-907:0
[   20311ms] [WARNING] The resource https://www.gstatic.com/pantheon/images/shellgm2/icons-medium_v15.svg was preloaded using link preload but not used within a few seconds from the window's load event. Please make sure it has an appropriate `as` value and it is preloaded intentionally. @ https://console.cloud.google.com/iam-admin/settings?project=project-5a935fd4-b438-43cd-907:0
[   25916ms] [WARNING] The resource https://www.gstatic.com/pantheon/images/common/icons-medium_v163.svg was preloaded using link preload but not used within a few seconds from the window's load event. Please make sure it has an appropriate `as` value and it is preloaded intentionally. @ https://console.cloud.google.com/iam-admin/settings?project=project-5a935fd4-b438-43cd-907:0
[   25916ms] [WARNING] The resource https://www.gstatic.com/pantheon/images/shellgm2/icons-medium_v15.svg was preloaded using link preload but not used within a few seconds from the window's load event. Please make sure it has an appropriate `as` value and it is preloaded intentionally. @ https://console.cloud.google.com/iam-admin/settings?project=project-5a935fd4-b438-43cd-907:0
[   29454ms] [WARNING] The resource https://www.gstatic.com/pantheon/images/common/icons-medium_v163.svg was preloaded using link preload but not used within a few seconds from the window's load event. Please make sure it has an appropriate `as` value and it is preloaded intentionally. @ https://console.cloud.google.com/iam-admin/settings?project=project-5a935fd4-b438-43cd-907:0
[   29455ms] [WARNING] The resource https://www.gstatic.com/pantheon/images/shellgm2/icons-medium_v15.svg was preloaded using link preload but not used within a few seconds from the window's load event. Please make sure it has an appropriate `as` value and it is preloaded intentionally. @ https://console.cloud.google.com/iam-admin/settings?project=project-5a935fd4-b438-43cd-907:0
